// Jest Snapshot v1, https://goo.gl/fbAQLP

exports[`<Login /> should render correctly 1`] = `
<form
  onSubmit={[Function]}
  style={
    Object {
      "margin": "2rem auto",
      "width": "60%",
    }
  }
>
  <h4
    className="text-center"
  >
    Log In
  </h4>
  <div
    className="form-group"
  >
    <label
      htmlFor="email"
    >
      Email
    </label>
    <input
      className="form-control "
      id="email"
      name="email"
      onChange={[Function]}
      type="text"
      value=""
    />
  </div>
  <div
    className="form-group"
  >
    <label
      htmlFor="password"
    >
      Password
    </label>
    <input
      className="form-control "
      id="password"
      name="password"
      onChange={[Function]}
      type="text"
      value=""
    />
  </div>
  <button
    className="btn btn-primary btn-lg"
    type="submit"
  >
    Log In
  </button>
  <div
    style={
      Object {
        "margin": "1rem",
      }
    }
  >
    Don't have an account?
    <Link
      className="btn btn-primary btn-sm mb-3"
      replace={false}
      style={
        Object {
          "margin": ".5rem",
        }
      }
      to="/register"
    >
      Register
    </Link>
  </div>
</form>
`;
